Loading Annotated Dataset for RED Metrics Thresholding...
✓ Imágenes válidas: 0 de 1216 (1216 imágenes descartadas)
✓ Imágenes válidas: 65080 de 70649 (5569 imágenes descartadas)
Creating DataLoaders...
Training AutoEncoder Model...
Epoch 1/50
Input shape: torch.Size([32, 3, 256, 256])
Expected output shape: torch.Size([32, 3, 256, 256])
Actual output shape: torch.Size([32, 3, 256, 256])
Epoch 1/50, Train Loss: 0.0235, Val Loss: 0.0006
Epoch 2/50
Epoch 2/50, Train Loss: 0.0002, Val Loss: 0.0010
Epoch 3/50
Epoch 3/50, Train Loss: 0.0001, Val Loss: 0.0003
Epoch 4/50
Epoch 4/50, Train Loss: 0.0001, Val Loss: 0.0002
Epoch 5/50
Epoch 5/50, Train Loss: 0.0001, Val Loss: 0.0004
Epoch 6/50
Epoch 6/50, Train Loss: 0.0001, Val Loss: 0.0000
Epoch 7/50
Epoch 7/50, Train Loss: 0.0001, Val Loss: 0.0001
Epoch 8/50
Epoch 8/50, Train Loss: 0.0001, Val Loss: 0.0001
Epoch 9/50
Epoch 9/50, Train Loss: 0.0001, Val Loss: 0.0002
Epoch 10/50
Epoch 10/50, Train Loss: 0.0001, Val Loss: 0.0001
Epoch 11/50
