Traceback (most recent call last):
  File "/export/fhome/maed01/PSIV-Detection-of-Helicobacter-pylori/MyVirtualEnv/lib/python3.8/site-packages/pandas/core/indexes/base.py", line 3653, in get_loc
    return self._engine.get_loc(casted_key)
  File "pandas/_libs/index.pyx", line 147, in pandas._libs.index.IndexEngine.get_loc
  File "pandas/_libs/index.pyx", line 176, in pandas._libs.index.IndexEngine.get_loc
  File "pandas/_libs/hashtable_class_helper.pxi", line 7080, in pandas._libs.hashtable.PyObjectHashTable.get_item
  File "pandas/_libs/hashtable_class_helper.pxi", line 7088, in pandas._libs.hashtable.PyObjectHashTable.get_item
KeyError: 'PATH'

The above exception was the direct cause of the following exception:

Traceback (most recent call last):
  File "/export/fhome/maed01/PSIV-Detection-of-Helicobacter-pylori/AutoEncoder/2_AEExample.py", line 296, in <module>
    best_val_loss, model_path = train_one_fold(
  File "/export/fhome/maed01/PSIV-Detection-of-Helicobacter-pylori/AutoEncoder/2_AEExample.py", line 90, in train_one_fold
    train_dataset = ImageDataset(train_csv)
  File "/export/fhome/maed01/PSIV-Detection-of-Helicobacter-pylori/AutoEncoder/Models/datasets.py", line 59, in __init__
    img_path = self.data.iloc[idx]['PATH']
  File "/export/fhome/maed01/PSIV-Detection-of-Helicobacter-pylori/MyVirtualEnv/lib/python3.8/site-packages/pandas/core/series.py", line 1007, in __getitem__
    return self._get_value(key)
  File "/export/fhome/maed01/PSIV-Detection-of-Helicobacter-pylori/MyVirtualEnv/lib/python3.8/site-packages/pandas/core/series.py", line 1116, in _get_value
    loc = self.index.get_loc(label)
  File "/export/fhome/maed01/PSIV-Detection-of-Helicobacter-pylori/MyVirtualEnv/lib/python3.8/site-packages/pandas/core/indexes/base.py", line 3655, in get_loc
    raise KeyError(key) from err
KeyError: 'PATH'
srun: error: etse-75-51: task 0: Exited with exit code 1
