Loading Annotated Dataset for RED Metrics Thresholding...
✓ Imágenes válidas: 0 de 1216 (1216 imágenes descartadas)
✓ Imágenes válidas: 65080 de 70649 (5569 imágenes descartadas)
Creating DataLoaders...
Training AutoEncoder Model...
Epoch 1/50
Loading Annotated Dataset for RED Metrics Thresholding...
✓ Imágenes válidas: 0 de 1216 (1216 imágenes descartadas)
✓ Imágenes válidas: 65080 de 70649 (5569 imágenes descartadas)
Creating DataLoaders...
Training AutoEncoder Model...
Epoch 1/50
Loading Annotated Dataset for RED Metrics Thresholding...
✓ Imágenes válidas: 0 de 1216 (1216 imágenes descartadas)
✓ Imágenes válidas: 65080 de 70649 (5569 imágenes descartadas)
Creating DataLoaders...
Training AutoEncoder Model...
Epoch 1/50
Loading Annotated Dataset for RED Metrics Thresholding...
✓ Imágenes válidas: 0 de 1216 (1216 imágenes descartadas)
✓ Imágenes válidas: 65080 de 70649 (5569 imágenes descartadas)
Creating DataLoaders...
Training AutoEncoder Model...
Epoch 1/50
Input shape: torch.Size([32, 3, 256, 256])
Expected output shape: torch.Size([32, 3, 256, 256])
Actual output shape: torch.Size([32, 3, 256, 256])
Input shape: torch.Size([32, 3, 256, 256])
Expected output shape: torch.Size([32, 3, 256, 256])
Actual output shape: torch.Size([32, 3, 256, 256])
Input shape: torch.Size([32, 3, 256, 256])
Expected output shape: torch.Size([32, 3, 256, 256])
Actual output shape: torch.Size([32, 3, 256, 256])
Input shape: torch.Size([32, 3, 256, 256])
Expected output shape: torch.Size([32, 3, 256, 256])
Actual output shape: torch.Size([32, 3, 256, 256])
Epoch 1/50, Train Loss: 0.0228, Val Loss: 0.0001
Epoch 2/50
Epoch 1/50, Train Loss: 0.0250, Val Loss: 0.0002
Epoch 2/50
Epoch 1/50, Train Loss: 0.0169, Val Loss: 0.0003
Epoch 2/50
Epoch 1/50, Train Loss: 0.0273, Val Loss: 0.0002
Epoch 2/50
