Loading Annotated Dataset for RED Metrics Thresholding...
✓ Imágenes válidas: 0 de 1216 (1216 imágenes descartadas)
✓ Imágenes válidas: 65080 de 70649 (5569 imágenes descartadas)
Creating DataLoaders...
Training AutoEncoder Model...
Epoch 1/50
Loading Annotated Dataset for RED Metrics Thresholding...
✓ Imágenes válidas: 0 de 1216 (1216 imágenes descartadas)
✓ Imágenes válidas: 65080 de 70649 (5569 imágenes descartadas)
Creating DataLoaders...
Training AutoEncoder Model...
Epoch 1/50
Loading Annotated Dataset for RED Metrics Thresholding...
✓ Imágenes válidas: 0 de 1216 (1216 imágenes descartadas)
✓ Imágenes válidas: 65080 de 70649 (5569 imágenes descartadas)
Creating DataLoaders...
Training AutoEncoder Model...
Epoch 1/50
Loading Annotated Dataset for RED Metrics Thresholding...
✓ Imágenes válidas: 0 de 1216 (1216 imágenes descartadas)
✓ Imágenes válidas: 65080 de 70649 (5569 imágenes descartadas)
Creating DataLoaders...
Training AutoEncoder Model...
Epoch 1/50
