🖥️  Dispositivo: cuda

📂 Cargando patches anotados...

📈 Patches cargados:
   ✅ Positivos: 163
   ✅ Negativos: 1159
   📊 Ratio: 0.14

📊 Split:
   Train: 1057 samples
   Val: 265 samples

🔧 Cargando backbone desde /export/fhome/maed01/PSIV-Detection-of-Helicobacter-pylori/backbone_phase1.pth
✅ Dimensión real del embedding: 3200

Epoch 1/20
  Train Loss: 0.6296
  Val Acc: 0.8755
  ✅ Mejor modelo guardado (acc=0.8755)

Epoch 2/20
  Train Loss: 0.6218
  Val Acc: 0.8755
  ⏳ Sin mejora (1/5)

Epoch 3/20
  Train Loss: 0.6870
  Val Acc: 0.8755
  ⏳ Sin mejora (2/5)

Epoch 4/20
  Train Loss: 0.6046
  Val Acc: 0.8755
  ⏳ Sin mejora (3/5)

Epoch 5/20
  Train Loss: 0.6077
  Val Acc: 0.8755
  ⏳ Sin mejora (4/5)

Epoch 6/20
  Train Loss: 0.6090
  Val Acc: 0.8755
  ⏳ Sin mejora (5/5)

⏹️  Early stopping en epoch 6

==================================================
📊 EVALUACIÓN FINAL (Mejor Modelo)
==================================================
              precision    recall  f1-score   support

    Negative       0.88      1.00      0.93       232
    Positive       0.00      0.00      0.00        33

    accuracy                           0.88       265
   macro avg       0.44      0.50      0.47       265
weighted avg       0.77      0.88      0.82       265


Confusion Matrix:
[[232   0]
 [ 33   0]]

✅ Clasificador guardado en: /export/fhome/maed01/PSIV-Detection-of-Helicobacter-pylori/patch_classifier_phase2.pth
